
norma@Peekaboo MINGW64 ~/OneDrive/Documents/Desktop/Zaragosa (zaragosa-iptq1v2)
$ git clone https://github.com/amillet2001/NA3B
fatal: destination path 'NA3B' already exists and is not an empty directory.

norma@Peekaboo MINGW64 ~/OneDrive/Documents/Desktop/Zaragosa (zaragosa-iptq1v2)
$ cd NA3B

norma@Peekaboo MINGW64 ~/OneDrive/Documents/Desktop/Zaragosa/NA3B (main)
$ git checkout -b zaragosa-iptq1v2
Switched to a new branch 'zaragosa-iptq1v2'

norma@Peekaboo MINGW64 ~/OneDrive/Documents/Desktop/Zaragosa/NA3B (zaragosa-iptq1v2)
$ mkdir 2021300113

norma@Peekaboo MINGW64 ~/OneDrive/Documents/Desktop/Zaragosa/NA3B (zaragosa-iptq1v2)
$ cd 2021300113

norma@Peekaboo MINGW64 ~/OneDrive/Documents/Desktop/Zaragosa/NA3B/2021300113 (zaragosa-iptq1v2)
$ touch zaragosa.txt

norma@Peekaboo MINGW64 ~/OneDrive/Documents/Desktop/Zaragosa/NA3B/2021300113 (zaragosa-iptq1v2)
$ echo "hi" > zaragosa.txt

norma@Peekaboo MINGW64 ~/OneDrive/Documents/Desktop/Zaragosa/NA3B/2021300113 (zaragosa-iptq1v2)
$ git add .
warning: in the working copy of '2021300113/zaragosa.txt', LF will be replaced by CRLF the next time Git touches it

norma@Peekaboo MINGW64 ~/OneDrive/Documents/Desktop/Zaragosa/NA3B/2021300113 (zaragosa-iptq1v2)
$ git commit -m "1"
[zaragosa-iptq1v2 29e10f0] 1
 1 file changed, 1 insertion(+)
 create mode 100644 2021300113/zaragosa.txt

norma@Peekaboo MINGW64 ~/OneDrive/Documents/Desktop/Zaragosa/NA3B/2021300113 (zaragosa-iptq1v2)
$ git status
On branch zaragosa-iptq1v2
nothing to commit, working tree clean

norma@Peekaboo MINGW64 ~/OneDrive/Documents/Desktop/Zaragosa/NA3B/2021300113 (zaragosa-iptq1v2)
$ git push -u origin zaragosa-iptq1v2
fatal: unable to access 'https://github.com/amillet2001/NA3B/': Recv failure: Connection was reset

norma@Peekaboo MINGW64 ~/OneDrive/Documents/Desktop/Zaragosa/NA3B/2021300113 (zaragosa-iptq1v2)
$ git push -u origin zaragosa-iptq1v2
fatal: unable to access 'https://github.com/amillet2001/NA3B/': Recv failure: Connection was reset

norma@Peekaboo MINGW64 ~/OneDrive/Documents/Desktop/Zaragosa/NA3B/2021300113 (zaragosa-iptq1v2)
$ git push -u origin zaragosa-iptq1v2
fatal: unable to access 'https://github.com/amillet2001/NA3B/': Recv failure: Connection was reset

norma@Peekaboo MINGW64 ~/OneDrive/Documents/Desktop/Zaragosa/NA3B/2021300113 (zaragosa-iptq1v2)
$ git push -u origin zaragosa-iptq1v2
Enumerating objects: 5, done.
Counting objects: 100% (5/5), done.
Delta compression using up to 12 threads
Compressing objects: 100% (2/2), done.
Writing objects: 100% (4/4), 340 bytes | 340.00 KiB/s, done.
Total 4 (delta 0), reused 0 (delta 0), pack-reused 0
remote:
remote: Create a pull request for 'zaragosa-iptq1v2' on GitHub by visiting:
remote:      https://github.com/amillet2001/NA3B/pull/new/zaragosa-iptq1v2
remote:
To https://github.com/amillet2001/NA3B
 * [new branch]      zaragosa-iptq1v2 -> zaragosa-iptq1v2
branch 'zaragosa-iptq1v2' set up to track 'origin/zaragosa-iptq1v2'.

norma@Peekaboo MINGW64 ~/OneDrive/Documents/Desktop/Zaragosa/NA3B/2021300113 (zaragosa-iptq1v2)
$ touch zaragosa-logs-iptq1v2

norma@Peekaboo MINGW64 ~/OneDrive/Documents/Desktop/Zaragosa/NA3B/2021300113 (zaragosa-iptq1v2)
$ git add .

norma@Peekaboo MINGW64 ~/OneDrive/Documents/Desktop/Zaragosa/NA3B/2021300113 (zaragosa-iptq1v2)
$ git commit -m "1"
[zaragosa-iptq1v2 32caf23] 1
 1 file changed, 0 insertions(+), 0 deletions(-)
 create mode 100644 2021300113/zaragosa-logs-iptq1v2

norma@Peekaboo MINGW64 ~/OneDrive/Documents/Desktop/Zaragosa/NA3B/2021300113 (zaragosa-iptq1v2)
$ git status
On branch zaragosa-iptq1v2
Your branch is ahead of 'origin/zaragosa-iptq1v2' by 1 commit.
  (use "git push" to publish your local commits)

nothing to commit, working tree clean

norma@Peekaboo MINGW64 ~/OneDrive/Documents/Desktop/Zaragosa/NA3B/2021300113 (zaragosa-iptq1v2)
$ git push -u origin zaragosa-iptq1v2
Enumerating objects: 6, done.
Counting objects: 100% (6/6), done.
Delta compression using up to 12 threads
Compressing objects: 100% (3/3), done.
Writing objects: 100% (4/4), 377 bytes | 377.00 KiB/s, done.
Total 4 (delta 0), reused 1 (delta 0), pack-reused 0
To https://github.com/amillet2001/NA3B
   29e10f0..32caf23  zaragosa-iptq1v2 -> zaragosa-iptq1v2
branch 'zaragosa-iptq1v2' set up to track 'origin/zaragosa-iptq1v2'.

norma@Peekaboo MINGW64 ~/OneDrive/Documents/Desktop/Zaragosa/NA3B/2021300113 (zaragosa-iptq1v2)
$ git push -u origin zaragosa-iptq1v2
