
daily@okayKIEL MINGW64 ~/Desktop/Canlas
$ git init
Initialized empty Git repository in C:/Users/daily/Desktop/Canlas/.git/

daily@okayKIEL MINGW64 ~/Desktop/Canlas (master)
$ touch test.txt

daily@okayKIEL MINGW64 ~/Desktop/Canlas (master)
$ echo "mama mo" > test.txt

daily@okayKIEL MINGW64 ~/Desktop/Canlas (master)
$ git add .
warning: in the working copy of 'test.txt', LF will be replaced by CRLF the next time Git touches it

daily@okayKIEL MINGW64 ~/Desktop/Canlas (master)
$ git commit -m "1st"
[master (root-commit) 04d7ec5] 1st
 1 file changed, 1 insertion(+)
 create mode 100644 test.txt

daily@okayKIEL MINGW64 ~/Desktop/Canlas (master)
$ git --global user.name "Kiel Canlas"
unknown option: --global
usage: git [-v | --version] [-h | --help] [-C <path>] [-c <name>=<value>]
           [--exec-path[=<path>]] [--html-path] [--man-path] [--info-path]
           [-p | --paginate | -P | --no-pager] [--no-replace-objects] [--bare]
           [--git-dir=<path>] [--work-tree=<path>] [--namespace=<name>]
           [--config-env=<name>=<envvar>] <command> [<args>]

daily@okayKIEL MINGW64 ~/Desktop/Canlas (master)
$ git config --global user.name "Kiel Canlas"

daily@okayKIEL MINGW64 ~/Desktop/Canlas (master)
$ git config --global user.email "e.00168@student.tsu.edu.ph"

daily@okayKIEL MINGW64 ~/Desktop/Canlas (master)
$ git clone https://github.com/amillet2001/NA3B
Cloning into 'NA3B'...
remote: Enumerating objects: 1059, done.
remote: Counting objects: 100% (135/135), done.
remote: Compressing objects: 100% (105/105), done.
error: RPC failed; curl 92 HTTP/2 stream 5 was not closed cleanly: CANCEL (err 8)
error: 7836 bytes of body are still expected
fetch-pack: unexpected disconnect while reading sideband packet
fatal: early EOF
fatal: fetch-pack: invalid index-pack output

daily@okayKIEL MINGW64 ~/Desktop/Canlas (master)
$ git clone https://github.com/amillet2001/NA3B
Cloning into 'NA3B'...
remote: Enumerating objects: 1063, done.
remote: Counting objects: 100% (139/139), done.
remote: Compressing objects: 100% (107/107), done.
remote: Total 1063 (delta 59), reused 34 (delta 26), pack-reused 924
Receiving objects: 100% (1063/1063), 66.90 MiB | 1.14 MiB/s, done.
Resolving deltas: 100% (287/287), done.

daily@okayKIEL MINGW64 ~/Desktop/Canlas (master)
$ cd NA3B

daily@okayKIEL MINGW64 ~/Desktop/Canlas/NA3B (main)
$ git checkout Canlas-iptq1
error: pathspec 'Canlas-iptq1' did not match any file(s) known to git

daily@okayKIEL MINGW64 ~/Desktop/Canlas/NA3B (main)
$ git checkout Canlas-iptq1
error: pathspec 'Canlas-iptq1' did not match any file(s) known to git

daily@okayKIEL MINGW64 ~/Desktop/Canlas/NA3B (main)
$ git check out Canlas-iptq1
git: 'check' is not a git command. See 'git --help'.

The most similar command is
        checkout

daily@okayKIEL MINGW64 ~/Desktop/Canlas/NA3B (main)
$ git --help
usage: git [-v | --version] [-h | --help] [-C <path>] [-c <name>=<value>]
           [--exec-path[=<path>]] [--html-path] [--man-path] [--info-path]
           [-p | --paginate | -P | --no-pager] [--no-replace-objects] [--bare]
           [--git-dir=<path>] [--work-tree=<path>] [--namespace=<name>]
           [--config-env=<name>=<envvar>] <command> [<args>]

These are common Git commands used in various situations:

start a working area (see also: git help tutorial)
   clone     Clone a repository into a new directory
   init      Create an empty Git repository or reinitialize an existing one

work on the current change (see also: git help everyday)
   add       Add file contents to the index
   mv        Move or rename a file, a directory, or a symlink
   restore   Restore working tree files
   rm        Remove files from the working tree and from the index

examine the history and state (see also: git help revisions)
   bisect    Use binary search to find the commit that introduced a bug
   diff      Show changes between commits, commit and working tree, etc
   grep      Print lines matching a pattern
   log       Show commit logs
   show      Show various types of objects
   status    Show the working tree status

grow, mark and tweak your common history
   branch    List, create, or delete branches
   commit    Record changes to the repository
   merge     Join two or more development histories together
   rebase    Reapply commits on top of another base tip
   reset     Reset current HEAD to the specified state
   switch    Switch branches
   tag       Create, list, delete or verify a tag object signed with GPG

collaborate (see also: git help workflows)
   fetch     Download objects and refs from another repository
   pull      Fetch from and integrate with another repository or a local branch
   push      Update remote refs along with associated objects

'git help -a' and 'git help -g' list available subcommands and some
concept guides. See 'git help <command>' or 'git help <concept>'
to read about a specific subcommand or concept.
See 'git help git' for an overview of the system.

daily@okayKIEL MINGW64 ~/Desktop/Canlas/NA3B (main)
$ git checkout -b Canlas-iptq1
Switched to a new branch 'Canlas-iptq1'

daily@okayKIEL MINGW64 ~/Desktop/Canlas/NA3B (Canlas-iptq1)
$ mkdir 2021300168

daily@okayKIEL MINGW64 ~/Desktop/Canlas/NA3B (Canlas-iptq1)
$ cd 2021300168

daily@okayKIEL MINGW64 ~/Desktop/Canlas/NA3B/2021300168 (Canlas-iptq1)
$ touch yo.txt

daily@okayKIEL MINGW64 ~/Desktop/Canlas/NA3B/2021300168 (Canlas-iptq1)
$ git add .

daily@okayKIEL MINGW64 ~/Desktop/Canlas/NA3B/2021300168 (Canlas-iptq1)
$ git commit -m "first commit"
[Canlas-iptq1 5f0f271] first commit
 1 file changed, 0 insertions(+), 0 deletions(-)
 create mode 100644 2021300168/yo.txt

daily@okayKIEL MINGW64 ~/Desktop/Canlas/NA3B/2021300168 (Canlas-iptq1)
$ git push -u origin Canlas-iptq1
Enumerating objects: 5, done.
Counting objects: 100% (5/5), done.
Delta compression using up to 4 threads
Compressing objects: 100% (2/2), done.
Writing objects: 100% (4/4), 334 bytes | 334.00 KiB/s, done.
Total 4 (delta 0), reused 1 (delta 0), pack-reused 0
remote:
remote: Create a pull request for 'Canlas-iptq1' on GitHub by visiting:
remote:      https://github.com/amillet2001/NA3B/pull/new/Canlas-iptq1
remote:
To https://github.com/amillet2001/NA3B
 * [new branch]      Canlas-iptq1 -> Canlas-iptq1
branch 'Canlas-iptq1' set up to track 'origin/Canlas-iptq1'.

daily@okayKIEL MINGW64 ~/Desktop/Canlas/NA3B/2021300168 (Canlas-iptq1)
$ git add 2021300168.html
fatal: pathspec '2021300168.html' did not match any files

daily@okayKIEL MINGW64 ~/Desktop/Canlas/NA3B/2021300168 (Canlas-iptq1)
$ git add 2021300168-profile.html

daily@okayKIEL MINGW64 ~/Desktop/Canlas/NA3B/2021300168 (Canlas-iptq1)
$ git commit -m "first commit"
[Canlas-iptq1 d11fe2d] first commit
 1 file changed, 20 insertions(+)
 create mode 100644 2021300168/2021300168-profile.html

daily@okayKIEL MINGW64 ~/Desktop/Canlas/NA3B/2021300168 (Canlas-iptq1)
$ git push -u origin Canlas-iptq1
Enumerating objects: 6, done.
Counting objects: 100% (6/6), done.
Delta compression using up to 4 threads
Compressing objects: 100% (4/4), done.
Writing objects: 100% (4/4), 656 bytes | 656.00 KiB/s, done.
Total 4 (delta 0), reused 0 (delta 0), pack-reused 0
To https://github.com/amillet2001/NA3B
   5f0f271..d11fe2d  Canlas-iptq1 -> Canlas-iptq1
branch 'Canlas-iptq1' set up to track 'origin/Canlas-iptq1'.

daily@okayKIEL MINGW64 ~/Desktop/Canlas/NA3B/2021300168 (Canlas-iptq1)
$ git status
On branch Canlas-iptq1
Your branch is up to date with 'origin/Canlas-iptq1'.

Changes not staged for commit:
  (use "git add <file>..." to update what will be committed)
  (use "git restore <file>..." to discard changes in working directory)
        modified:   2021300168-profile.html

Untracked files:
  (use "git add <file>..." to include in what will be committed)
        kiel.png

no changes added to commit (use "git add" and/or "git commit -a")

daily@okayKIEL MINGW64 ~/Desktop/Canlas/NA3B/2021300168 (Canlas-iptq1)
$ git add 2021300168.html
fatal: pathspec '2021300168.html' did not match any files

daily@okayKIEL MINGW64 ~/Desktop/Canlas/NA3B/2021300168 (Canlas-iptq1)
$ git add 2021300168-profile.html

daily@okayKIEL MINGW64 ~/Desktop/Canlas/NA3B/2021300168 (Canlas-iptq1)
$ git commit -m "second commit"
[Canlas-iptq1 161efc9] second commit
 1 file changed, 41 insertions(+), 14 deletions(-)

daily@okayKIEL MINGW64 ~/Desktop/Canlas/NA3B/2021300168 (Canlas-iptq1)
$ git push -u origin Canlas-iptq1
Enumerating objects: 7, done.
Counting objects: 100% (7/7), done.
Delta compression using up to 4 threads
Compressing objects: 100% (4/4), done.
Writing objects: 100% (4/4), 955 bytes | 955.00 KiB/s, done.
Total 4 (delta 0), reused 0 (delta 0), pack-reused 0
To https://github.com/amillet2001/NA3B
   d11fe2d..161efc9  Canlas-iptq1 -> Canlas-iptq1
branch 'Canlas-iptq1' set up to track 'origin/Canlas-iptq1'.

daily@okayKIEL MINGW64 ~/Desktop/Canlas/NA3B/2021300168 (Canlas-iptq1)
$
