
lopez@Real MINGW64 ~/Desktop (master)
$ mkdir Lopez

lopez@Real MINGW64 ~/Desktop (master)
$ cd Lopez

lopez@Real MINGW64 ~/Desktop/Lopez (master)
$ git init
Initialized empty Git repository in C:/Users/lopez/Desktop/Lopez/.git/

lopez@Real MINGW64 ~/Desktop/Lopez (master)
$ git config --global user.name "Matthew Real Lopez"

lopez@Real MINGW64 ~/Desktop/Lopez (master)
$ git config --global user.email "mr.lopez00539@student.tsu.edu.ph"

lopez@Real MINGW64 ~/Desktop/Lopez (master)
$ touch test.txt

lopez@Real MINGW64 ~/Desktop/Lopez (master)
$ git add test.txt

lopez@Real MINGW64 ~/Desktop/Lopez (master)
$ git commit --amend --author="Matthew Real Lopez <mr.lopez00539@student.tsu.edu.ph" --no-edit
fatal: --author 'Matthew Real Lopez <mr.lopez00539@student.tsu.edu.ph' is not 'Name <email>' and matches no existing author

lopez@Real MINGW64 ~/Desktop/Lopez (master)
$ git commit --amend --author="Matthew Real Lopez <mr.lopez00539@student.tsu.edu
fatal: You have nothing to amend.

lopez@Real MINGW64 ~/Desktop/Lopez (master)
$

lopez@Real MINGW64 ~/Desktop/Lopez (master)
$ git commit -m "1st commit
> "
[master (root-commit) 5749e3c] 1st commit
 1 file changed, 0 insertions(+), 0 deletions(-)
 create mode 100644 test.txt

lopez@Real MINGW64 ~/Desktop/Lopez (master)
$ git commit --amend --author="Matthew Real Lopez <mr.lopez00539@student.tsu.edu
[master 10fb0de] 1st commit
 Date: Tue Mar 26 22:19:48 2024 +0800
 1 file changed, 0 insertions(+), 0 deletions(-)
 create mode 100644 test.txt

lopez@Real MINGW64 ~/Desktop/Lopez (master)
$ git log
commit 10fb0deebff9d6eaedd5ed6f4e30bd92663b4578 (HEAD -> master)
Author: Matthew Real Lopez <mr.lopez00539@student.tsu.edu.ph>
Date:   Tue Mar 26 22:19:48 2024 +0800

    1st commit

lopez@Real MINGW64 ~/Desktop/Lopez (master)
$ echo "hello, this file is now modified" > test.txt

lopez@Real MINGW64 ~/Desktop/Lopez (master)
$ git add test.txt
warning: in the working copy of 'test.txt', LF will be replaced by CRLF the next

lopez@Real MINGW64 ~/Desktop/Lopez (master)
$ git commit -m "2nd commit"
[master f8432e2] 2nd commit
 1 file changed, 1 insertion(+)

lopez@Real MINGW64 ~/Desktop/Lopez (master)
$ git commit --amend --author="Matthew Real M. Lopez <matthewreall@icloud.com>"
[master 9866cd3] 2nd commit
 Author: Matthew Real M. Lopez <matthewreall@icloud.com>
 Date: Tue Mar 26 22:20:36 2024 +0800
 1 file changed, 1 insertion(+)

lopez@Real MINGW64 ~/Desktop/Lopez (master)
$ git log
commit 9866cd352b285a85e329f6d601697de34dfcf42c (HEAD -> master)
Author: Matthew Real M. Lopez <matthewreall@icloud.com>
Date:   Tue Mar 26 22:20:36 2024 +0800

    2nd commit

commit 10fb0deebff9d6eaedd5ed6f4e30bd92663b4578
Author: Matthew Real Lopez <mr.lopez00539@student.tsu.edu.ph>
Date:   Tue Mar 26 22:19:48 2024 +0800

    1st commit

lopez@Real MINGW64 ~/Desktop/Lopez (master)
$ git clone https://github.com/amillet2001/NA3B.git
Cloning into 'NA3B'...
remote: Enumerating objects: 751, done.
remote: Counting objects: 100% (589/589), done.
remote: Compressing objects: 100% (474/474), done.
remote: Total 751 (delta 97), reused 470 (delta 90), pack-reused 162
Receiving objects: 100% (751/751), 58.70 MiB | 2.81 MiB/s, done.
Resolving deltas: 100% (101/101), done.

lopez@Real MINGW64 ~/Desktop/Lopez (master)
$ cd NA3B

lopez@Real MINGW64 ~/Desktop/Lopez/NA3B (main)
$ git branch -b Lopez-late-act2
error: unknown switch `b'
usage: git branch [<options>] [-r | -a] [--merged] [--no-merged]
   or: git branch [<options>] [-f] [--recurse-submodules] <branch-name> [<start-
   or: git branch [<options>] [-l] [<pattern>...]
   or: git branch [<options>] [-r] (-d | -D) <branch-name>...
   or: git branch [<options>] (-m | -M) [<old-branch>] <new-branch>
   or: git branch [<options>] (-c | -C) [<old-branch>] <new-branch>
   or: git branch [<options>] [-r | -a] [--points-at]
   or: git branch [<options>] [-r | -a] [--format]

Generic options
    -v, --[no-]verbose    show hash and subject, give twice for upstream branch
    -q, --[no-]quiet      suppress informational messages
    -t, --[no-]track[=(direct|inherit)]
                          set branch tracking configuration
    -u, --[no-]set-upstream-to <upstream>
                          change the upstream info
    --[no-]unset-upstream unset the upstream info
    --[no-]color[=<when>] use colored output
    -r, --remotes         act on remote-tracking branches
    --contains <commit>   print only branches that contain the commit
    --no-contains <commit>
                          print only branches that don't contain the commit
    --[no-]abbrev[=<n>]   use <n> digits to display object names

Specific git-branch actions:
    -a, --all             list both remote-tracking and local branches
    -d, --[no-]delete     delete fully merged branch
    -D                    delete branch (even if not merged)
    -m, --[no-]move       move/rename a branch and its reflog
    -M                    move/rename a branch, even if target exists
    --[no-]omit-empty     do not output a newline after empty formatted refs
    -c, --[no-]copy       copy a branch and its reflog
    -C                    copy a branch, even if target exists
    -l, --[no-]list       list branch names
    --[no-]show-current   show current branch name
    --[no-]create-reflog  create the branch's reflog
    --[no-]edit-description
                          edit the description for the branch
    -f, --[no-]force      force creation, move/rename, deletion
    --merged <commit>     print only branches that are merged
    --no-merged <commit>  print only branches that are not merged
    --[no-]column[=<style>]
                          list branches in columns
    --[no-]sort <key>     field name to sort on
    --[no-]points-at <object>
                          print only branches of the object
    -i, --[no-]ignore-case
                          sorting and filtering are case insensitive
    --[no-]recurse-submodules
                          recurse through submodules
    --[no-]format <format>
                          format to use for the output


lopez@Real MINGW64 ~/Desktop/Lopez/NA3B (main)
$ git checkout -b Lopez-late-act2
Switched to a new branch 'Lopez-late-act2'

lopez@Real MINGW64 ~/Desktop/Lopez/NA3B (Lopez-late-act2)
$ mkdir 2021300539

lopez@Real MINGW64 ~/Desktop/Lopez/NA3B (Lopez-late-act2)
$ cd 2021300539

lopez@Real MINGW64 ~/Desktop/Lopez/NA3B/2021300539 (Lopez-late-act2)
$ echo "new file for branch" > testlopez.txt

lopez@Real MINGW64 ~/Desktop/Lopez/NA3B/2021300539 (Lopez-late-act2)
$ git add testlopez.txt
warning: in the working copy of '2021300539/testlopez.txt', LF will be replaced it touches it

lopez@Real MINGW64 ~/Desktop/Lopez/NA3B/2021300539 (Lopez-late-act2)
$ git commit -m "1st branch commit
> "
[Lopez-late-act2 2c2c1bf] 1st branch commit
 1 file changed, 1 insertion(+)
 create mode 100644 2021300539/testlopez.txt

lopez@Real MINGW64 ~/Desktop/Lopez/NA3B/2021300539 (Lopez-late-act2)
$ git log
commit 2c2c1bfe70dd9076820f9dba0a9521e36561859b (HEAD -> Lopez-late-act2)
Author: Matthew Real Lopez <mr.lopez00539@student.tsu.edu.ph>
Date:   Tue Mar 26 22:29:32 2024 +0800

    1st branch commit

commit 30c98449d1d8f9acb4b263f7bd20d38d347d6a82 (origin/main, origin/HEAD, main)
Author: Axel Millet <110337707+amillet2001@users.noreply.github.com>
Date:   Wed Feb 21 15:55:36 2024 +0800

    Delete Cunanan

commit 72eb92cc43c0c70dbb75d9e91987379fb3fa5668
Author: Cunanan <159223356+LordIvanLeeCunanan@users.noreply.github.com>
Date:   Wed Feb 21 15:42:57 2024 +0800

    Cunanan

commit 9a6280df558ae43dc204d3f79b2f5c924db50463
Author: Axel Millet <110337707+amillet2001@users.noreply.github.com>
Date:   Wed Feb 21 15:24:59 2024 +0800

    Update instructions.txt

commit 0783b31f015c9648cf860a6542527199324f46b2
Author: Axel Millet <110337707+amillet2001@users.noreply.github.com>
Date:   Wed Feb 21 14:51:30 2024 +0800

    integrated github and virtual machine lab

commit 2635e4819c4a9f75214566ea168ce13988fdb16a
Author: ajmendoza07 <159223492+ajmendoza07@users.noreply.github.com>
Date:   Mon Feb 19 08:52:25 2024 +0800

    Delete 2021301041 directory

commit e3f30194420a27414e3cbfd0f2958aa9b82ccb00
Merge: 9d30dd0 12d8035
Author: ajmendoza07 <159223492+ajmendoza07@users.noreply.github.com>
Date:   Mon Feb 19 08:47:46 2024 +0800

    Merge pull request #79 from amillet2001/Mendoza-IPT2Q1

    Mendoza 2021301041 ipt2 q1

commit 12d8035a93bc19f94a0bee57ba6833bbd60847eb
Author: ajmendoza07 <159223492+ajmendoza07@users.noreply.github.com>
Date:   Mon Feb 19 08:20:37 2024 +0800

    static website

    static website

commit 0117fdb9becb94d5f2155975844d5f9bfd57f078
Author: Al Jhon Mendoza <mendozaaljhon014@gmail.com>
Date:   Mon Feb 19 07:57:05 2024 +0800


lopez@Real MINGW64 ~/Desktop/Lopez/NA3B/2021300539 (Lopez-late-act2)
$

lopez@Real MINGW64 ~/Desktop/Lopez/NA3B/2021300539 (Lopez-late-act2)
$ git push -u origin Lopez-late-act2
Enumerating objects: 5, done.
Counting objects: 100% (5/5), done.
Delta compression using up to 16 threads
Compressing objects: 100% (2/2), done.
Writing objects: 100% (4/4), 380 bytes | 380.00 KiB/s, done.
Total 4 (delta 0), reused 0 (delta 0), pack-reused 0
remote:
remote: Create a pull request for 'Lopez-late-act2' on GitHub by visiting:
remote:      https://github.com/amillet2001/NA3B/pull/new/Lopez-late-act2
remote:
To https://github.com/amillet2001/NA3B.git
 * [new branch]      Lopez-late-act2 -> Lopez-late-act2
branch 'Lopez-late-act2' set up to track 'origin/Lopez-late-act2'.

lopez@Real MINGW64 ~/Desktop/Lopez/NA3B/2021300539 (Lopez-late-act2)
$ touch 2021300539-late-act2.docx

lopez@Real MINGW64 ~/Desktop/Lopez/NA3B/2021300539 (Lopez-late-act2)
$ git add 2021300539-late-act2.docx

lopez@Real MINGW64 ~/Desktop/Lopez/NA3B/2021300539 (Lopez-late-act2)
$ git commit -m "commit for screenshot of ubuntu machine"
[Lopez-late-act2 b57611e] commit for screenshot of ubuntu machine
 1 file changed, 0 insertions(+), 0 deletions(-)
 create mode 100644 2021300539/2021300539-late-act2.docx

lopez@Real MINGW64 ~/Desktop/Lopez/NA3B/2021300539 (Lopez-late-act2)
$ git push -u origin 2021300539-late-act2
error: src refspec 2021300539-late-act2 does not match any
error: failed to push some refs to 'https://github.com/amillet2001/NA3B.git'

lopez@Real MINGW64 ~/Desktop/Lopez/NA3B/2021300539 (Lopez-late-act2)
$ git push -u origin 2021300539-late-act2.docx
error: src refspec 2021300539-late-act2.docx does not match any
error: failed to push some refs to 'https://github.com/amillet2001/NA3B.git'

lopez@Real MINGW64 ~/Desktop/Lopez/NA3B/2021300539 (Lopez-late-act2)
$ git push -u origin Lopez-late-act2
Enumerating objects: 6, done.
Counting objects: 100% (6/6), done.
Delta compression using up to 16 threads
Compressing objects: 100% (4/4), done.
Writing objects: 100% (4/4), 1.06 MiB | 984.00 KiB/s, done.
Total 4 (delta 0), reused 0 (delta 0), pack-reused 0
To https://github.com/amillet2001/NA3B.git
   2c2c1bf..b57611e  Lopez-late-act2 -> Lopez-late-act2
branch 'Lopez-late-act2' set up to track 'origin/Lopez-late-act2'.

lopez@Real MINGW64 ~/Desktop/Lopez/NA3B/2021300539 (Lopez-late-act2)
$ git add 2021300539-late-act2.docx

lopez@Real MINGW64 ~/Desktop/Lopez/NA3B/2021300539 (Lopez-late-act2)
$ git commit -m "commit for screenshot of general settings of ubuntu machine"
[Lopez-late-act2 9ad6a71] commit for screenshot of general settings of ubuntu ma
 1 file changed, 0 insertions(+), 0 deletions(-)

lopez@Real MINGW64 ~/Desktop/Lopez/NA3B/2021300539 (Lopez-late-act2)
$ git push -u origin Lopez-late-act2
Enumerating objects: 7, done.
Counting objects: 100% (7/7), done.
Delta compression using up to 16 threads
Compressing objects: 100% (4/4), done.
Writing objects: 100% (4/4), 77.32 KiB | 5.95 MiB/s, done.
Total 4 (delta 1), reused 0 (delta 0), pack-reused 0
remote: Resolving deltas: 100% (1/1), completed with 1 local object.
To https://github.com/amillet2001/NA3B.git
   b57611e..9ad6a71  Lopez-late-act2 -> Lopez-late-act2
branch 'Lopez-late-act2' set up to track 'origin/Lopez-late-act2'.

lopez@Real MINGW64 ~/Desktop/Lopez/NA3B/2021300539 (Lopez-late-act2)
$ touch Lopez-logs-late-act2.txt

lopez@Real MINGW64 ~/Desktop/Lopez/NA3B/2021300539 (Lopez-late-act2)
$
