 Aldrein@LAPTOP-KAOD55MF MINGW64 ~/Desktop/Mendiola,Tayag
$ git init
Initialized empty Git repository in C:/Users/Aldrein/Desktop/Mendiola,Tayag/.git/

Aldrein@LAPTOP-KAOD55MF MINGW64 ~/Desktop/Mendiola,Tayag (master)
$ echo  > test.txt

Aldrein@LAPTOP-KAOD55MF MINGW64 ~/Desktop/Mendiola,Tayag (master)
$ git add test.txt
warning: in the working copy of 'test.txt', LF will be replaced by CRLF the next time Git touches it

Aldrein@LAPTOP-KAOD55MF MINGW64 ~/Desktop/Mendiola,Tayag (master)
$ git commit -m FIrst commit
[master (root-commit) 04a080d] FIrst commit
 1 file changed, 1 insertion(+)
 create mode 100644 test.txt

Aldrein@LAPTOP-KAOD55MF MINGW64 ~/Desktop/Mendiola,Tayag (master)
$ git commit --amend --reset-author resetting author
error: pathspec 'resetting author' did not match any file(s) known to git

Aldrein@LAPTOP-KAOD55MF MINGW64 ~/Desktop/Mendiola,Tayag (master)
$ git commit --amend --reset-author -m resetting author
[master 0ce6d2c] resetting author
 1 file changed, 1 insertion(+)
 create mode 100644 test.txt

Aldrein@LAPTOP-KAOD55MF MINGW64 ~/Desktop/Mendiola,Tayag (master)
$ echo Modified commit > test.txt

Aldrein@LAPTOP-KAOD55MF MINGW64 ~/Desktop/Mendiola,Tayag (master)
$ git add test.txt
warning: in the working copy of 'test.txt', LF will be replaced by CRLF the next time Git touches it

Aldrein@LAPTOP-KAOD55MF MINGW64 ~/Desktop/Mendiola,Tayag (master)
$ git commit -m
error: switch m' requires a value

Aldrein@LAPTOP-KAOD55MF MINGW64 ~/Desktop/Mendiola,Tayag (master)
$ git commit -m 2nd commit
[master 8103883] 2nd commit
 1 file changed, 1 insertion(+), 1 deletion(-)

Aldrein@LAPTOP-KAOD55MF MINGW64 ~/Desktop/Mendiola,Tayag (master)
$ git config username Aldrein_Jayvee
error: key does not contain a section: username

Aldrein@LAPTOP-KAOD55MF MINGW64 ~/Desktop/Mendiola,Tayag (master)
$ git config user.name Aldrein_Jayvee

Aldrein@LAPTOP-KAOD55MF MINGW64 ~/Desktop/Mendiola,Tayag (master)
$ git config user.email a.mendiola00641@student.tsu.edu.ph

Aldrein@LAPTOP-KAOD55MF MINGW64 ~/Desktop/Mendiola,Tayag (master)
$ git clone https://github.com/amillet2001/NA3B
Cloning into 'NA3B'...
remote: Enumerating objects: 221, done.
remote: Counting objects: 100% (71/71), done.
remote: Compressing objects: 100% (37/37), done.
Receiving objects: 100% (221/221), 56.17 KiB | 599.00 KiB/s, done.
Resolving deltas: 100% (43/43), done.


Aldrein@LAPTOP-KAOD55MF MINGW64 ~/Desktop/Mendiola,Tayag (master)
$ cd NA3B

Aldrein@LAPTOP-KAOD55MF MINGW64 ~/Desktop/Mendiola,Tayag/NA3B (main)
$ git checkout -b Mendiola,Tayag-iptq1v2
Switched to a new branch 'Mendiola,Tayag-iptq1v2'

Aldrein@LAPTOP-KAOD55MF MINGW64 ~/Desktop/Mendiola,Tayag/NA3B (Mendiola,Tayag-iptq1v2)
$ mkdir 2021300641

Aldrein@LAPTOP-KAOD55MF MINGW64 ~/Desktop/Mendiola,Tayag/NA3B (Mendiola,Tayag-iptq1v2)
$ cd 2021300641

Aldrein@LAPTOP-KAOD55MF MINGW64 ~/Desktop/Mendiola,Tayag/NA3B/2021300641 (Mendiola,Tayag-iptq1v2)
$ echo   > newfile.txt

Aldrein@LAPTOP-KAOD55MF MINGW64 ~/Desktop/Mendiola,Tayag/NA3B/2021300641 (Mendiola,Tayag-iptq1v2)
$ git add newfile.txt
warning: in the working copy of '2021300641/newfile.txt', LF will be replaced by CRLF the next time Git touches it

Aldrein@LAPTOP-KAOD55MF MINGW64 ~/Desktop/Mendiola,Tayag/NA3B/2021300641 (Mendiola,Tayag-iptq1v2)
$ git commit -m newly added
[Mendiola,Tayag-iptq1v2 af6b910] newly added
 1 file changed, 1 insertion(+)
 create mode 100644 2021300641/newfile.txt

Aldrein@LAPTOP-KAOD55MF MINGW64 ~/Desktop/Mendiola,Tayag/NA3B/2021300641 (Mendiola,Tayag-iptq1v2)
$ git push -u origin Mendiola,Tayag-iptq1v2
Enumerating objects: 5, done.
Counting objects: 100% (5/5), done.
Delta compression using up to 16 threads
Compressing objects: 100% (2/2), done.
Writing objects: 100% (4/4), 352 bytes | 352.00 KiB/s, done.
Total 4 (delta 0), reused 0 (delta 0), pack-reused 0
remote:
remote: Create a pull request for 'Mendiola,Tayag-iptq1v2' on GitHub by visiting:
remote:      https://github.com/amillet2001/NA3B/pull/new/Mendiola,Tayag-iptq1v2
remote:
To https://github.com/amillet2001/NA3B
 * [new branch]      Mendiola,Tayag-iptq1v2 -> Mendiola,Tayag-iptq1v2
branch 'Mendiola,Tayag-iptq1v2' set up to track 'origin/Mendiola,Tayag-iptq1v2'.

Aldrein@LAPTOP-KAOD55MF MINGW64 ~/Desktop/Mendiola,Tayag/NA3B/2021300641 (Mendiola,Tayag-iptq1v2)
$ git add 2021300641-iptq1v2.docx

Aldrein@LAPTOP-KAOD55MF MINGW64 ~/Desktop/Mendiola,Tayag/NA3B/2021300641 (Mendiola,Tayag-iptq1v2)
$ git commit -m Ubuntu files commited
[Mendiola,Tayag-iptq1v2 60fb178] Ubuntu files commited
 1 file changed, 0 insertions(+), 0 deletions(-)
 create mode 100644 2021300641/2021300641-iptq1v2.docx

Aldrein@LAPTOP-KAOD55MF MINGW64 ~/Desktop/Mendiola,Tayag/NA3B/2021300641 (Mendiola,Tayag-iptq1v2)
$ git push -u origin Mendiola,Tayag-iptq1v2
Enumerating objects: 6, done.
Counting objects: 100% (6/6), done.
Delta compression using up to 16 threads
Compressing objects: 100% (4/4), done.
Writing objects: 100% (4/4), 952.47 KiB | 20.26 MiB/s, done.
Total 4 (delta 0), reused 0 (delta 0), pack-reused 0
To https://github.com/amillet2001/NA3B
   af6b910..60fb178  Mendiola,Tayag-iptq1v2 -> Mendiola,Tayag-iptq1v2
branch 'Mendiola,Tayag-iptq1v2' set up to track 'origin/Mendiola,Tayag-iptq1v2'.

